[backblue.gif]
[fade.gif]
[index.html]
[canetastouch.vercel.app/index.html]
[canetastouch.vercel.app/livro-bob.vercel.app/index.html]
[cdn.utmify.com.br/scripts/utms/latest.js]
[cdn.utmify.com.br/scripts/pixel/pixel.js]
[canetastouch.vercel.app/livro-bob.vercel.app/images/logoamazon1.png]
[canetastouch.vercel.app/livro-bob.vercel.app/images/user.png]
[canetastouch.vercel.app/livro-bob.vercel.app/images/cart2.png]
[canetastouch.vercel.app/img.icons8.com/material-rounded/24/search.png]
[canetastouch.vercel.app/livro-bob.vercel.app/images/local.png]
[canetastouch.vercel.app/livro-bob.vercel.app/images/banner2.gif]
[canetastouch.vercel.app/livro-bob.vercel.app/7.html]
[canetastouch.vercel.app/a-static.mlcdn.com.br/800x560/livro-de-colorir-bobbie-goods-80-canetinhas-pon/mbcomericoatacado/kitcnt80rosa/810051702e6ea56ba5fc83fe01a3d844.jpg]
[canetastouch.vercel.app/livro-bob.vercel.app/1.html]
[canetastouch.vercel.app/livro-bob.vercel.app/2.html]
[canetastouch.vercel.app/livro-bob.vercel.app/3.html]
[canetastouch.vercel.app/livro-bob.vercel.app/4.html]
[canetastouch.vercel.app/livro-bob.vercel.app/5.html]
[canetastouch.vercel.app/livro-bob.vercel.app/index.html]
[canetastouch.vercel.app/livro-bob.vercel.app/8.html]
[canetastouch.vercel.app/img.icons8.com/emoji/24/star-emoji.png]
[canetastouch.vercel.app/livro-bob.vercel.app/images/heart3.png]
[canetastouch.vercel.app/livro-bob.vercel.app/images/share.png]
[canetastouch.vercel.app/cdn-icons-png.flaticon.com/512/64/64113.png]
[canetastouch.vercel.app/livro-bob.vercel.app/images/pagseg.png]
[canetastouch.vercel.app/livro-bob.vercel.app/images/devo.png]
[canetastouch.vercel.app/livro-bob.vercel.app/images/frete.png]
[canetastouch.vercel.app/randomuser.me/api/portraits/men/1.jpg]
[canetastouch.vercel.app/randomuser.me/api/portraits/women/2.jpg]
[canetastouch.vercel.app/randomuser.me/api/portraits/men/3.jpg]
[canetastouch.vercel.app/randomuser.me/api/portraits/women/4.jpg]
[canetastouch.vercel.app/randomuser.me/api/portraits/men/5.jpg]
[canetastouch.vercel.app/randomuser.me/api/portraits/women/6.jpg]
[canetastouch.vercel.app/randomuser.me/api/portraits/men/7.jpg]
[canetastouch.vercel.app/randomuser.me/api/portraits/women/8.jpg]
[canetastouch.vercel.app/randomuser.me/api/portraits/men/9.jpg]
[canetastouch.vercel.app/randomuser.me/api/portraits/women/10.jpg]
[canetastouch.vercel.app/livro-bob.vercel.app/7.html]
[canetastouch.vercel.app/cdn.utmify.com.br/scripts/utms/latest.js]
[canetastouch.vercel.app/a-static.mlcdn.com.br/800x560/livro-de-colorir-bobbie-goods-80-canetinhas-pon/mbcomericoatacado/kitcnt80rosa/65ad6e53d8d9de76603a4cb86f9f7981.jpg]
[canetastouch.vercel.app/a-static.mlcdn.com.br/800x560/livro-de-colorir-bobbie-goods-80-canetinhas-pon/mbcomericoatacado/kitcnt80rosa/2e0f9796fca190c7b21fcf746598e688.jpg]
[canetastouch.vercel.app/a-static.mlcdn.com.br/800x560/livro-de-colorir-bobbie-goods-80-canetinhas-pon/mbcomericoatacado/kitcnt80rosa/ad91cddbf1f981edf0de33e1ca824d5a.jpg]
[canetastouch.vercel.app/a-static.mlcdn.com.br/1500x1500/livro-de-colorir-bobbie-goods-80-canetinhas-pon/mbcomericoatacado/kitcnt80rosa/7e5bb6679f2aea764e0dd1017f215542.jpg]
[canetastouch.vercel.app/livro-bob.vercel.app/1.html]
[canetastouch.vercel.app/livro-bob.vercel.app/2.html]
[canetastouch.vercel.app/livro-bob.vercel.app/3.html]
[canetastouch.vercel.app/livro-bob.vercel.app/4.html]
[canetastouch.vercel.app/livro-bob.vercel.app/5.html]
[canetastouch.vercel.app/livro-bob.vercel.app/8.html]
